Archive member included to satisfy reference by file (symbol)

c:/program files (x86)/atmel/studio/7.0/toolchain/arm/arm-gnu-toolchain/bin/../lib/gcc/arm-none-eabi/6.3.1/thumb/v7-m\libgcc.a(_arm_addsubdf3.o)
                              joystick.o (__aeabi_dsub)
c:/program files (x86)/atmel/studio/7.0/toolchain/arm/arm-gnu-toolchain/bin/../lib/gcc/arm-none-eabi/6.3.1/thumb/v7-m\libgcc.a(_arm_muldivdf3.o)
                              joystick.o (__aeabi_dmul)
c:/program files (x86)/atmel/studio/7.0/toolchain/arm/arm-gnu-toolchain/bin/../lib/gcc/arm-none-eabi/6.3.1/thumb/v7-m\libgcc.a(_arm_fixunsdfsi.o)
                              joystick.o (__aeabi_d2uiz)
c:/program files (x86)/atmel/studio/7.0/toolchain/arm/arm-gnu-toolchain/bin/../lib/gcc/arm-none-eabi/6.3.1/../../../../arm-none-eabi/lib/thumb/v7-m\libc.a(lib_a-exit.o)
                              c:/program files (x86)/atmel/studio/7.0/toolchain/arm/arm-gnu-toolchain/bin/../lib/gcc/arm-none-eabi/6.3.1/../../../../arm-none-eabi/lib/thumb/v7-m/crt0.o (exit)
c:/program files (x86)/atmel/studio/7.0/toolchain/arm/arm-gnu-toolchain/bin/../lib/gcc/arm-none-eabi/6.3.1/../../../../arm-none-eabi/lib/thumb/v7-m\libc.a(lib_a-impure.o)
                              c:/program files (x86)/atmel/studio/7.0/toolchain/arm/arm-gnu-toolchain/bin/../lib/gcc/arm-none-eabi/6.3.1/../../../../arm-none-eabi/lib/thumb/v7-m\libc.a(lib_a-exit.o) (_global_impure_ptr)
c:/program files (x86)/atmel/studio/7.0/toolchain/arm/arm-gnu-toolchain/bin/../lib/gcc/arm-none-eabi/6.3.1/../../../../arm-none-eabi/lib/thumb/v7-m\libc.a(lib_a-init.o)
                              c:/program files (x86)/atmel/studio/7.0/toolchain/arm/arm-gnu-toolchain/bin/../lib/gcc/arm-none-eabi/6.3.1/../../../../arm-none-eabi/lib/thumb/v7-m/crt0.o (__libc_init_array)
c:/program files (x86)/atmel/studio/7.0/toolchain/arm/arm-gnu-toolchain/bin/../lib/gcc/arm-none-eabi/6.3.1/../../../../arm-none-eabi/lib/thumb/v7-m\libc.a(lib_a-memset.o)
                              c:/program files (x86)/atmel/studio/7.0/toolchain/arm/arm-gnu-toolchain/bin/../lib/gcc/arm-none-eabi/6.3.1/../../../../arm-none-eabi/lib/thumb/v7-m/crt0.o (memset)
c:/program files (x86)/atmel/studio/7.0/toolchain/arm/arm-gnu-toolchain/bin/../lib/gcc/arm-none-eabi/6.3.1/../../../../arm-none-eabi/lib/thumb/v7-m\libc.a(lib_a-__call_atexit.o)
                              c:/program files (x86)/atmel/studio/7.0/toolchain/arm/arm-gnu-toolchain/bin/../lib/gcc/arm-none-eabi/6.3.1/../../../../arm-none-eabi/lib/thumb/v7-m\libc.a(lib_a-exit.o) (__call_exitprocs)
c:/program files (x86)/atmel/studio/7.0/toolchain/arm/arm-gnu-toolchain/bin/../lib/gcc/arm-none-eabi/6.3.1/../../../../arm-none-eabi/lib/thumb/v7-m\libc.a(lib_a-atexit.o)
                              c:/program files (x86)/atmel/studio/7.0/toolchain/arm/arm-gnu-toolchain/bin/../lib/gcc/arm-none-eabi/6.3.1/../../../../arm-none-eabi/lib/thumb/v7-m\libc.a(lib_a-__call_atexit.o) (atexit)
c:/program files (x86)/atmel/studio/7.0/toolchain/arm/arm-gnu-toolchain/bin/../lib/gcc/arm-none-eabi/6.3.1/../../../../arm-none-eabi/lib/thumb/v7-m\libc.a(lib_a-fini.o)
                              c:/program files (x86)/atmel/studio/7.0/toolchain/arm/arm-gnu-toolchain/bin/../lib/gcc/arm-none-eabi/6.3.1/../../../../arm-none-eabi/lib/thumb/v7-m\libc.a(lib_a-__call_atexit.o) (__libc_fini_array)
c:/program files (x86)/atmel/studio/7.0/toolchain/arm/arm-gnu-toolchain/bin/../lib/gcc/arm-none-eabi/6.3.1/../../../../arm-none-eabi/lib/thumb/v7-m\libc.a(lib_a-lock.o)
                              c:/program files (x86)/atmel/studio/7.0/toolchain/arm/arm-gnu-toolchain/bin/../lib/gcc/arm-none-eabi/6.3.1/../../../../arm-none-eabi/lib/thumb/v7-m\libc.a(lib_a-__call_atexit.o) (__retarget_lock_acquire_recursive)
c:/program files (x86)/atmel/studio/7.0/toolchain/arm/arm-gnu-toolchain/bin/../lib/gcc/arm-none-eabi/6.3.1/../../../../arm-none-eabi/lib/thumb/v7-m\libc.a(lib_a-__atexit.o)
                              c:/program files (x86)/atmel/studio/7.0/toolchain/arm/arm-gnu-toolchain/bin/../lib/gcc/arm-none-eabi/6.3.1/../../../../arm-none-eabi/lib/thumb/v7-m\libc.a(lib_a-atexit.o) (__register_exitproc)

Allocating common symbols
Common symbol       size              file

__lock___atexit_recursive_mutex
                    0x1               c:/program files (x86)/atmel/studio/7.0/toolchain/arm/arm-gnu-toolchain/bin/../lib/gcc/arm-none-eabi/6.3.1/../../../../arm-none-eabi/lib/thumb/v7-m\libc.a(lib_a-lock.o)
__lock___arc4random_mutex
                    0x1               c:/program files (x86)/atmel/studio/7.0/toolchain/arm/arm-gnu-toolchain/bin/../lib/gcc/arm-none-eabi/6.3.1/../../../../arm-none-eabi/lib/thumb/v7-m\libc.a(lib_a-lock.o)
__lock___env_recursive_mutex
                    0x1               c:/program files (x86)/atmel/studio/7.0/toolchain/arm/arm-gnu-toolchain/bin/../lib/gcc/arm-none-eabi/6.3.1/../../../../arm-none-eabi/lib/thumb/v7-m\libc.a(lib_a-lock.o)
__lock___sinit_recursive_mutex
[...]
Memory Configuration

Name             Origin             Length             Attributes
rom              0x00080000         0x00080000         xr
ram              0x20000000         0x00018000         xrw
*default*        0x00000000         0xffffffff

Linker script and memory map

LOAD c:/program files (x86)/atmel/studio/7.0/toolchain/arm/arm-gnu-toolchain/bin/../lib/gcc/arm-none-eabi/6.3.1/thumb/v7-m/crti.o
LOAD c:/program files (x86)/atmel/studio/7.0/toolchain/arm/arm-gnu-toolchain/bin/../lib/gcc/arm-none-eabi/6.3.1/thumb/v7-m/crtbegin.o
LOAD c:/program files (x86)/atmel/studio/7.0/toolchain/arm/arm-gnu-toolchain/bin/../lib/gcc/arm-none-eabi/6.3.1/../../../../arm-none-eabi/lib/thumb/v7-m/crt0.o
LOAD can_controller.o
LOAD can_interrupt.o
LOAD Device_Startup/startup_sam3xa.o
LOAD Device_Startup/system_sam3xa.o
LOAD joystick.o
LOAD main.o
LOAD printf-stdarg.o
LOAD timer_driver.o
LOAD uart.o
START GROUP
LOAD c:/program files (x86)/atmel/studio/7.0/toolchain/arm/arm-gnu-toolchain/bin/../lib/gcc/arm-none-eabi/6.3.1/../../../../arm-none-eabi/lib/thumb/v7-m\libm.a
END GROUP
START GROUP
LOAD c:/program files (x86)/atmel/studio/7.0/toolchain/arm/arm-gnu-toolchain/bin/../lib/gcc/arm-none-eabi/6.3.1/thumb/v7-m\libgcc.a
LOAD c:/program files (x86)/atmel/studio/7.0/toolchain/arm/arm-gnu-toolchain/bin/../lib/gcc/arm-none-eabi/6.3.1/../../../../arm-none-eabi/lib/thumb/v7-m\libc.a
END GROUP
LOAD c:/program files (x86)/atmel/studio/7.0/toolchain/arm/arm-gnu-toolchain/bin/../lib/gcc/arm-none-eabi/6.3.1/thumb/v7-m/crtend.o
LOAD c:/program files (x86)/atmel/studio/7.0/toolchain/arm/arm-gnu-toolchain/bin/../lib/gcc/arm-none-eabi/6.3.1/thumb/v7-m/crtn.o
                0x00000400                STACK_SIZE = DEFINED (STACK_SIZE)?STACK_SIZE:0x400
                0x00000200                HEAP_SIZE = DEFINED (HEAP_SIZE)?HEAP_SIZE:0x200

.text           0x00080000     0x160c
                0x00080000                . = ALIGN (0x4)
                0x00080000                _sfixed = .
 *(.vectors .vectors.*)
 .vectors       0x00080000       0xf4 Device_Startup/startup_sam3xa.o
                0x00080000                exception_table
 *(.text .text.* .gnu.linkonce.t.*)
 .text          0x000800f4       0x6c c:/program files (x86)/atmel/studio/7.0/toolchain/arm/arm-gnu-toolchain/bin/../lib/gcc/arm-none-eabi/6.3.1/thumb/v7-m/crtbegin.o
 .text.can_init
                0x00080160       0xf0 can_controller.o
                0x00080160                can_init
 .text.can_init_def_tx_rx_mb
                0x00080250       0x10 can_controller.o
                0x00080250                can_init_def_tx_rx_mb
 .text.can_receive
                0x00080260       0x84 can_controller.o
                0x00080260                can_receive
 .text.CAN0_Handler
                0x000802e4       0xf8 can_interrupt.o
                0x000802e4                CAN0_Handler
 .text.Dummy_Handler
                0x000803dc        0x2 Device_Startup/startup_sam3xa.o
                0x000803dc                DACC_Handler
                0x000803dc                DebugMon_Handler
                0x000803dc                DMAC_Handler
                0x000803dc                TRNG_Handler
                0x000803dc                HardFault_Handler
                0x000803dc                TC2_Handler
                0x000803dc                SysTick_Handler
                0x000803dc                USART3_Handler
                0x000803dc                TWI1_Handler
                0x000803dc                PendSV_Handler
                0x000803dc                NMI_Handler
                0x000803dc                TC7_Handler
                0x000803dc                ADC_Handler
                0x000803dc                SMC_Handler
                0x000803dc                USART0_Handler
                0x000803dc                RTT_Handler
                0x000803dc                EFC1_Handler
                0x000803dc                PIOB_Handler
                0x000803dc                RTC_Handler
                0x000803dc                UsageFault_Handler
                0x000803dc                TC6_Handler
                0x000803dc                WDT_Handler
                0x000803dc                TC4_Handler
                0x000803dc                TC1_Handler
                0x000803dc                HSMCI_Handler
                0x000803dc                TC3_Handler
                0x000803dc                Dummy_Handler
                0x000803dc                TWI0_Handler
                0x000803dc                USART1_Handler
                0x000803dc                PIOA_Handler
                0x000803dc                SSC_Handler
                0x000803dc                EFC0_Handler
                0x000803dc                PMC_Handler
                0x000803dc                PWM_Handler
                0x000803dc                CAN1_Handler
                0x000803dc                MemManage_Handler
                0x000803dc                SUPC_Handler
                0x000803dc                SVC_Handler
                0x000803dc                TC8_Handler
                0x000803dc                USART2_Handler
                0x000803dc                PIOD_Handler
                0x000803dc                EMAC_Handler
                0x000803dc                PIOC_Handler
                0x000803dc                BusFault_Handler
                0x000803dc                RSTC_Handler
                0x000803dc                TC0_Handler
                0x000803dc                TC5_Handler
                0x000803dc                UOTGHS_Handler
                0x000803dc                SPI0_Handler
 *fill*         0x000803de        0x2 
 .text.Reset_Handler
                0x000803e0       0x88 Device_Startup/startup_sam3xa.o
                0x000803e0                Reset_Handler
 .text.SystemInit
                0x00080468       0xa4 Device_Startup/system_sam3xa.o
                0x00080468                SystemInit
 .text.move_solenoid
                0x0008050c      0x10c joystick.o
                0x0008050c                move_solenoid
 .text.main     0x00080618      0x120 main.o
                0x00080618                main
 .text.prints   0x00080738       0xac printf-stdarg.o
 .text.printi   0x000807e4       0xbc printf-stdarg.o
 .text.print    0x000808a0      0x160 printf-stdarg.o
 .text.printf   0x00080a00       0x24 printf-stdarg.o
                0x00080a00                printf
 .text.timer_init
                0x00080a24       0x44 timer_driver.o
                0x00080a24                timer_init
 .text.timer_change_duty
                0x00080a68       0x24 timer_driver.o
                0x00080a68                timer_change_duty
 .text.configure_uart
                0x00080a8c       0x68 uart.o
                0x00080a8c                configure_uart
 .text.uart_putchar
                0x00080af4       0x24 uart.o
                0x00080af4                uart_putchar
 .text.UART_Handler
                0x00080b18       0x68 uart.o
                0x00080b18                UART_Handler
 .text          0x00080b80      0x370 c:/program files (x86)/atmel/studio/7.0/toolchain/arm/arm-gnu-toolchain/bin/../lib/gcc/arm-none-eabi/6.3.1/thumb/v7-m\libgcc.a(_arm_addsubdf3.o)
                0x00080b80                __aeabi_drsub
                0x00080b88                __aeabi_dsub
                0x00080b88                __subdf3
                0x00080b8c                __aeabi_dadd
                0x00080b8c                __adddf3
                0x00080e04                __floatunsidf
                0x00080e04                __aeabi_ui2d
                0x00080e24                __floatsidf
                0x00080e24                __aeabi_i2d
                0x00080e48                __aeabi_f2d
                0x00080e48                __extendsfdf2
                0x00080e84                __floatundidf
                0x00080e84                __aeabi_ul2d
                0x00080e94                __floatdidf
                0x00080e94                __aeabi_l2d
 .text          0x00080ef0      0x424 c:/program files (x86)/atmel/studio/7.0/toolchain/arm/arm-gnu-toolchain/bin/../lib/gcc/arm-none-eabi/6.3.1/thumb/v7-m\libgcc.a(_arm_muldivdf3.o)
                0x00080ef0                __aeabi_dmul
                0x00080ef0                __muldf3
                0x00081144                __divdf3
                0x00081144                __aeabi_ddiv
 .text          0x00081314       0x40 c:/program files (x86)/atmel/studio/7.0/toolchain/arm/arm-gnu-toolchain/bin/../lib/gcc/arm-none-eabi/6.3.1/thumb/v7-m\libgcc.a(_arm_fixunsdfsi.o)
                0x00081314                __aeabi_d2uiz
                0x00081314                __fixunsdfsi
 .text.__libc_init_array
                0x00081354       0x50 c:/program files (x86)/atmel/studio/7.0/toolchain/arm/arm-gnu-toolchain/bin/../lib/gcc/arm-none-eabi/6.3.1/../../../../arm-none-eabi/lib/thumb/v7-m\libc.a(lib_a-init.o)
                0x00081354                __libc_init_array
 .text.startup.register_fini
                0x000813a4       0x14 c:/program files (x86)/atmel/studio/7.0/toolchain/arm/arm-gnu-toolchain/bin/../lib/gcc/arm-none-eabi/6.3.1/../../../../arm-none-eabi/lib/thumb/v7-m\libc.a(lib_a-__call_atexit.o)
 .text.atexit   0x000813b8        0xc c:/program files (x86)/atmel/studio/7.0/toolchain/arm/arm-gnu-toolchain/bin/../lib/gcc/arm-none-eabi/6.3.1/../../../../arm-none-eabi/lib/thumb/v7-m\libc.a(lib_a-atexit.o)
                0x000813b8                atexit
 .text.__libc_fini_array
                0x000813c4       0x34 c:/program files (x86)/atmel/studio/7.0/toolchain/arm/arm-gnu-toolchain/bin/../lib/gcc/arm-none-eabi/6.3.1/../../../../arm-none-eabi/lib/thumb/v7-m\libc.a(lib_a-fini.o)
                0x000813c4                __libc_fini_array
 .text.__retarget_lock_acquire_recursive
                0x000813f8        0x4 c:/program files (x86)/atmel/studio/7.0/toolchain/arm/arm-gnu-toolchain/bin/../lib/gcc/arm-none-eabi/6.3.1/../../../../arm-none-eabi/lib/thumb/v7-m\libc.a(lib_a-lock.o)
                0x000813f8                __retarget_lock_acquire_recursive
 .text.__retarget_lock_release_recursive
                0x000813fc        0x4 c:/program files (x86)/atmel/studio/7.0/toolchain/arm/arm-gnu-toolchain/bin/../lib/gcc/arm-none-eabi/6.3.1/../../../../arm-none-eabi/lib/thumb/v7-m\libc.a(lib_a-lock.o)
                0x000813fc                __retarget_lock_release_recursive
 .text.__register_exitproc
                0x00081400       0xc4 c:/program files (x86)/atmel/studio/7.0/toolchain/arm/arm-gnu-toolchain/bin/../lib/gcc/arm-none-eabi/6.3.1/../../../../arm-none-eabi/lib/thumb/v7-m\libc.a(lib_a-__atexit.o)
                0x00081400                __register_exitproc
 *(.glue_7t)
 .glue_7t       0x000814c4        0x0 linker stubs
 *(.glue_7)
 .glue_7        0x000814c4        0x0 linker stubs
 *(.rodata .rodata* .gnu.linkonce.r.*)
 .rodata.str1.4
                0x000814c4       0x60 can_interrupt.o
                                 0x63 (size before relaxing)
 .rodata.str1.4
                0x00081524       0x2e joystick.o
 *fill*         0x00081552        0x2 
 .rodata.str1.4
                0x00081554       0x67 main.o
 *fill*         0x000815bb        0x1 
 .rodata.str1.4
                0x000815bc        0x7 printf-stdarg.o
 *fill*         0x000815c3        0x1 
 .rodata.str1.4
                0x000815c4       0x20 uart.o
                                 0x1e (size before relaxing)
 .rodata._global_impure_ptr
                0x000815e4        0x4 c:/program files (x86)/atmel/studio/7.0/toolchain/arm/arm-gnu-toolchain/bin/../lib/gcc/arm-none-eabi/6.3.1/../../../../arm-none-eabi/lib/thumb/v7-m\libc.a(lib_a-impure.o)
                0x000815e4                _global_impure_ptr
 *(.ARM.extab* .gnu.linkonce.armextab.*)
                0x000815e8                . = ALIGN (0x4)
 *(.init)
 .init          0x000815e8        0x4 c:/program files (x86)/atmel/studio/7.0/toolchain/arm/arm-gnu-toolchain/bin/../lib/gcc/arm-none-eabi/6.3.1/thumb/v7-m/crti.o
                0x000815e8                _init
 .init          0x000815ec        0x8 c:/program files (x86)/atmel/studio/7.0/toolchain/arm/arm-gnu-toolchain/bin/../lib/gcc/arm-none-eabi/6.3.1/thumb/v7-m/crtn.o
                0x000815f4                . = ALIGN (0x4)
                0x000815f4                __preinit_array_start = .
 *(.preinit_array)
                0x000815f4                __preinit_array_end = .
                0x000815f4                . = ALIGN (0x4)
                0x000815f4                __init_array_start = .
 *(SORT(.init_array.*))
 .init_array.00000
                0x000815f4        0x4 c:/program files (x86)/atmel/studio/7.0/toolchain/arm/arm-gnu-toolchain/bin/../lib/gcc/arm-none-eabi/6.3.1/../../../../arm-none-eabi/lib/thumb/v7-m\libc.a(lib_a-__call_atexit.o)
 *(.init_array)
 .init_array    0x000815f8        0x4 c:/program files (x86)/atmel/studio/7.0/toolchain/arm/arm-gnu-toolchain/bin/../lib/gcc/arm-none-eabi/6.3.1/thumb/v7-m/crtbegin.o
                0x000815fc                __init_array_end = .
                0x000815fc                . = ALIGN (0x4)
 *crtbegin.o(.ctors)
 *(EXCLUDE_FILE(*crtend.o) .ctors)
 *(SORT(.ctors.*))
 *crtend.o(.ctors)
                0x000815fc                . = ALIGN (0x4)
 *(.fini)
 .fini          0x000815fc        0x4 c:/program files (x86)/atmel/studio/7.0/toolchain/arm/arm-gnu-toolchain/bin/../lib/gcc/arm-none-eabi/6.3.1/thumb/v7-m/crti.o
                0x000815fc                _fini
 .fini          0x00081600        0x8 c:/program files (x86)/atmel/studio/7.0/toolchain/arm/arm-gnu-toolchain/bin/../lib/gcc/arm-none-eabi/6.3.1/thumb/v7-m/crtn.o
                0x00081608                . = ALIGN (0x4)
                0x00081608                __fini_array_start = .
 *(.fini_array)
 .fini_array    0x00081608        0x4 c:/program files (x86)/atmel/studio/7.0/toolchain/arm/arm-gnu-toolchain/bin/../lib/gcc/arm-none-eabi/6.3.1/thumb/v7-m/crtbegin.o
 *(SORT(.fini_array.*))
                0x0008160c                __fini_array_end = .
 *crtbegin.o(.dtors)
 *(EXCLUDE_FILE(*crtend.o) .dtors)
 *(SORT(.dtors.*))
 *crtend.o(.dtors)
                0x0008160c                . = ALIGN (0x4)
                0x0008160c                _efixed = .
                [!provide]                PROVIDE (__exidx_start, .)

.vfp11_veneer   0x0008160c        0x0
 .vfp11_veneer  0x0008160c        0x0 linker stubs

.v4_bx          0x0008160c        0x0
 .v4_bx         0x0008160c        0x0 linker stubs

.iplt           0x0008160c        0x0
 .iplt          0x0008160c        0x0 c:/program files (x86)/atmel/studio/7.0/toolchain/arm/arm-gnu-toolchain/bin/../lib/gcc/arm-none-eabi/6.3.1/thumb/v7-m/crtbegin.o

.eh_frame       0x0008160c        0x0
 .eh_frame      0x0008160c        0x0 c:/program files (x86)/atmel/studio/7.0/toolchain/arm/arm-gnu-toolchain/bin/../lib/gcc/arm-none-eabi/6.3.1/thumb/v7-m/crtbegin.o

.rel.dyn        0x0008160c        0x0
 .rel.iplt      0x0008160c        0x0 c:/program files (x86)/atmel/studio/7.0/toolchain/arm/arm-gnu-toolchain/bin/../lib/gcc/arm-none-eabi/6.3.1/thumb/v7-m/crtbegin.o

.jcr            0x0008160c        0x0
 .jcr           0x0008160c        0x0 c:/program files (x86)/atmel/studio/7.0/toolchain/arm/arm-gnu-toolchain/bin/../lib/gcc/arm-none-eabi/6.3.1/thumb/v7-m/crtbegin.o

.igot.plt       0x0008160c        0x0
 .igot.plt      0x0008160c        0x0 c:/program files (x86)/atmel/studio/7.0/toolchain/arm/arm-gnu-toolchain/bin/../lib/gcc/arm-none-eabi/6.3.1/thumb/v7-m/crtbegin.o

.ARM.exidx
 *(.ARM.exidx* .gnu.linkonce.armexidx.*)
                [!provide]                PROVIDE (__exidx_end, .)
                0x0008160c                . = ALIGN (0x4)
                0x0008160c                _etext = .

.relocate       0x20000000      0x434 load address 0x0008160c
                0x20000000                . = ALIGN (0x4)
                0x20000000                _srelocate = .
 *(.ramfunc .ramfunc.*)
 *(.data .data.*)
 .data          0x20000000        0x4 Device_Startup/system_sam3xa.o
                0x20000000                SystemCoreClock
 *fill*         0x20000004        0x4 
 .data.impure_data
                0x20000008      0x428 c:/program files (x86)/atmel/studio/7.0/toolchain/arm/arm-gnu-toolchain/bin/../lib/gcc/arm-none-eabi/6.3.1/../../../../arm-none-eabi/lib/thumb/v7-m\libc.a(lib_a-impure.o)
 .data.__atexit_recursive_mutex
                0x20000430        0x4 c:/program files (x86)/atmel/studio/7.0/toolchain/arm/arm-gnu-toolchain/bin/../lib/gcc/arm-none-eabi/6.3.1/../../../../arm-none-eabi/lib/thumb/v7-m\libc.a(lib_a-__call_atexit.o)
                0x20000430                __atexit_recursive_mutex
                0x20000434                . = ALIGN (0x4)
                0x20000434                _erelocate = .

.bss            0x20000434       0x88 load address 0x00081a40
                0x20000434                . = ALIGN (0x4)
                0x20000434                _sbss = .
                0x20000434                _szero = .
 *(.bss .bss.*)
 .bss           0x20000434       0x1c c:/program files (x86)/atmel/studio/7.0/toolchain/arm/arm-gnu-toolchain/bin/../lib/gcc/arm-none-eabi/6.3.1/thumb/v7-m/crtbegin.o
 *(COMMON)
 COMMON         0x20000450        0x3 can_interrupt.o
                0x20000450                joystick
 *fill*         0x20000453        0x1 
 COMMON         0x20000454       0x42 uart.o
                0x20000454                rx_buffer
 *fill*         0x20000496        0x2 
 COMMON         0x20000498       0x21 c:/program files (x86)/atmel/studio/7.0/toolchain/arm/arm-gnu-toolchain/bin/../lib/gcc/arm-none-eabi/6.3.1/../../../../arm-none-eabi/lib/thumb/v7-m\libc.a(lib_a-lock.o)
                0x20000498                __lock___atexit_recursive_mutex
                0x2000049c                __lock___arc4random_mutex
                0x200004a0                __lock___env_recursive_mutex
                0x200004a4                __lock___sinit_recursive_mutex
                0x200004a8                __lock___malloc_recursive_mutex
                0x200004ac                __lock___at_quick_exit_mutex
                0x200004b0                __lock___dd_hash_mutex
                0x200004b4                __lock___tz_mutex
                0x200004b8                __lock___sfp_recursive_mutex
                0x200004bc                . = ALIGN (0x4)
 *fill*         0x200004b9        0x3 
                0x200004bc                _ebss = .
                0x200004bc                _ezero = .

.stack          0x200004bc      0x404 load address 0x00081ac8
                0x200004c0                . = ALIGN (0x8)
 *fill*         0x200004bc        0x4 
                0x200004c0                _sstack = .
                0x200008c0                . = (. + STACK_SIZE)
 *fill*         0x200004c0      0x400 
                0x200008c0                . = ALIGN (0x8)
                0x200008c0                _estack = .

.heap           0x200008c0      0x200 load address 0x00081ecc
                0x200008c0                . = ALIGN (0x8)
                0x200008c0                _sheap = .
                0x20000ac0                . = (. + HEAP_SIZE)
 *fill*         0x200008c0      0x200 
                0x20000ac0                . = ALIGN (0x8)
                0x20000ac0                _eheap = .
                0x20000ac0                . = ALIGN (0x4)
                0x20000ac0                _end = .
                0x20017fff                _ram_end_ = ((ORIGIN (ram) + LENGTH (ram)) - 0x1)
OUTPUT(ice_ice_arduino.elf elf32-littlearm)

.ARM.attributes
                0x00000000       0x29
 .ARM.attributes
                0x00000000       0x1d c:/program files (x86)/atmel/studio/7.0/toolchain/arm/arm-gnu-toolchain/bin/../lib/gcc/arm-none-eabi/6.3.1/thumb/v7-m/crti.o
 .ARM.attributes
                0x0000001d       0x2d c:/program files (x86)/atmel/studio/7.0/toolchain/arm/arm-gnu-toolchain/bin/../lib/gcc/arm-none-eabi/6.3.1/thumb/v7-m/crtbegin.o
 .ARM.attributes
                0x0000004a       0x33 can_controller.o
 .ARM.attributes
                0x0000007d       0x33 can_interrupt.o
 .ARM.attributes
                0x000000b0       0x33 Device_Startup/startup_sam3xa.o
 .ARM.attributes
                0x000000e3       0x33 Device_Startup/system_sam3xa.o
 .ARM.attributes
                0x00000116       0x33 joystick.o
 .ARM.attributes
                0x00000149       0x33 main.o
 .ARM.attributes
                0x0000017c       0x33 printf-stdarg.o
 .ARM.attributes
                0x000001af       0x33 timer_driver.o
 .ARM.attributes
                0x000001e2       0x33 uart.o
 .ARM.attributes
                0x00000215       0x1d c:/program files (x86)/atmel/studio/7.0/toolchain/arm/arm-gnu-toolchain/bin/../lib/gcc/arm-none-eabi/6.3.1/thumb/v7-m\libgcc.a(_arm_addsubdf3.o)
 .ARM.attributes
                0x00000232       0x1d c:/program files (x86)/atmel/studio/7.0/toolchain/arm/arm-gnu-toolchain/bin/../lib/gcc/arm-none-eabi/6.3.1/thumb/v7-m\libgcc.a(_arm_muldivdf3.o)
 .ARM.attributes
                0x0000024f       0x1d c:/program files (x86)/atmel/studio/7.0/toolchain/arm/arm-gnu-toolchain/bin/../lib/gcc/arm-none-eabi/6.3.1/thumb/v7-m\libgcc.a(_arm_fixunsdfsi.o)
 .ARM.attributes
                0x0000026c       0x2d c:/program files (x86)/atmel/studio/7.0/toolchain/arm/arm-gnu-toolchain/bin/../lib/gcc/arm-none-eabi/6.3.1/../../../../arm-none-eabi/lib/thumb/v7-m\libc.a(lib_a-impure.o)
 .ARM.attributes
                0x00000299       0x2d c:/program files (x86)/atmel/studio/7.0/toolchain/arm/arm-gnu-toolchain/bin/../lib/gcc/arm-none-eabi/6.3.1/../../../../arm-none-eabi/lib/thumb/v7-m\libc.a(lib_a-init.o)
 .ARM.attributes
                0x000002c6       0x2d c:/program files (x86)/atmel/studio/7.0/toolchain/arm/arm-gnu-toolchain/bin/../lib/gcc/arm-none-eabi/6.3.1/../../../../arm-none-eabi/lib/thumb/v7-m\libc.a(lib_a-__call_atexit.o)
 .ARM.attributes
                0x000002f3       0x2d c:/program files (x86)/atmel/studio/7.0/toolchain/arm/arm-gnu-toolchain/bin/../lib/gcc/arm-none-eabi/6.3.1/../../../../arm-none-eabi/lib/thumb/v7-m\libc.a(lib_a-atexit.o)
 .ARM.attributes
                0x00000320       0x2d c:/program files (x86)/atmel/studio/7.0/toolchain/arm/arm-gnu-toolchain/bin/../lib/gcc/arm-none-eabi/6.3.1/../../../../arm-none-eabi/lib/thumb/v7-m\libc.a(lib_a-fini.o)
 .ARM.attributes
                0x0000034d       0x2d c:/program files (x86)/atmel/studio/7.0/toolchain/arm/arm-gnu-toolchain/bin/../lib/gcc/arm-none-eabi/6.3.1/../../../../arm-none-eabi/lib/thumb/v7-m\libc.a(lib_a-lock.o)
 .ARM.attributes
                0x0000037a       0x2d c:/program files (x86)/atmel/studio/7.0/toolchain/arm/arm-gnu-toolchain/bin/../lib/gcc/arm-none-eabi/6.3.1/../../../../arm-none-eabi/lib/thumb/v7-m\libc.a(lib_a-__atexit.o)
 .ARM.attributes
                0x000003a7       0x1d c:/program files (x86)/atmel/studio/7.0/toolchain/arm/arm-gnu-toolchain/bin/../lib/gcc/arm-none-eabi/6.3.1/thumb/v7-m/crtn.o

.comment        0x00000000       0x59
 .comment       0x00000000       0x59 can_controller.o
                                 0x5a (size before relaxing)
 .comment       0x00000059       0x5a can_interrupt.o
 .comment       0x00000059       0x5a Device_Startup/startup_sam3xa.o
 .comment       0x00000059       0x5a Device_Startup/system_sam3xa.o
 .comment       0x00000059       0x5a joystick.o
 .comment       0x00000059       0x5a main.o
 .comment       0x00000059       0x5a printf-stdarg.o
 .comment       0x00000059       0x5a timer_driver.o
 .comment       0x00000059       0x5a uart.o

.debug_info     0x00000000     0x5253
 .debug_info    0x00000000      0xd68 can_controller.o
 .debug_info    0x00000d68     0x103a can_interrupt.o
 .debug_info    0x00001da2      0x74e Device_Startup/startup_sam3xa.o
 .debug_info    0x000024f0      0x444 Device_Startup/system_sam3xa.o
 .debug_info    0x00002934      0x255 joystick.o
 .debug_info    0x00002b89      0xb64 main.o
 .debug_info    0x000036ed      0x65f printf-stdarg.o
 .debug_info    0x00003d4c      0x8bc timer_driver.o
 .debug_info    0x00004608      0xc4b uart.o

.debug_abbrev   0x00000000      0xefe
 .debug_abbrev  0x00000000      0x212 can_controller.o
 .debug_abbrev  0x00000212      0x2bd can_interrupt.o
 .debug_abbrev  0x000004cf      0x153 Device_Startup/startup_sam3xa.o
 .debug_abbrev  0x00000622      0x102 Device_Startup/system_sam3xa.o
 .debug_abbrev  0x00000724      0x12d joystick.o
 .debug_abbrev  0x00000851      0x183 main.o
 .debug_abbrev  0x000009d4      0x1e6 printf-stdarg.o
 .debug_abbrev  0x00000bba      0x109 timer_driver.o
 .debug_abbrev  0x00000cc3      0x23b uart.o

.debug_loc      0x00000000     0x112a
 .debug_loc     0x00000000      0x2d8 can_controller.o
 .debug_loc     0x000002d8       0x78 can_interrupt.o
 .debug_loc     0x00000350       0x6b Device_Startup/startup_sam3xa.o
 .debug_loc     0x000003bb       0xb3 joystick.o
 .debug_loc     0x0000046e       0x94 main.o
 .debug_loc     0x00000502      0xb0a printf-stdarg.o
 .debug_loc     0x0000100c       0x50 timer_driver.o
 .debug_loc     0x0000105c       0xce uart.o

.debug_aranges  0x00000000      0x198
 .debug_aranges
                0x00000000       0x38 can_controller.o
 .debug_aranges
                0x00000038       0x20 can_interrupt.o
 .debug_aranges
                0x00000058       0x28 Device_Startup/startup_sam3xa.o
 .debug_aranges
                0x00000080       0x30 Device_Startup/system_sam3xa.o
 .debug_aranges
                0x000000b0       0x20 joystick.o
 .debug_aranges
                0x000000d0       0x20 main.o
 .debug_aranges
                0x000000f0       0x48 printf-stdarg.o
 .debug_aranges
                0x00000138       0x28 timer_driver.o
 .debug_aranges
                0x00000160       0x38 uart.o

.debug_ranges   0x00000000      0x150
 .debug_ranges  0x00000000       0x28 can_controller.o
 .debug_ranges  0x00000028       0x28 can_interrupt.o
 .debug_ranges  0x00000050       0x18 Device_Startup/startup_sam3xa.o
 .debug_ranges  0x00000068       0x20 Device_Startup/system_sam3xa.o
 .debug_ranges  0x00000088       0x10 joystick.o
 .debug_ranges  0x00000098       0x10 main.o
 .debug_ranges  0x000000a8       0x68 printf-stdarg.o
 .debug_ranges  0x00000110       0x18 timer_driver.o
 .debug_ranges  0x00000128       0x28 uart.o

.debug_macro    0x00000000    0x11e08
 .debug_macro   0x00000000      0x35f can_controller.o
 .debug_macro   0x0000035f      0x8b0 can_controller.o
 .debug_macro   0x00000c0f       0x22 can_controller.o
 .debug_macro   0x00000c31       0x87 can_controller.o
 .debug_macro   0x00000cb8       0x51 can_controller.o
 .debug_macro   0x00000d09       0xef can_controller.o
 .debug_macro   0x00000df8       0x6a can_controller.o
 .debug_macro   0x00000e62      0x1df can_controller.o
 .debug_macro   0x00001041       0x26 can_controller.o
 .debug_macro   0x00001067       0x28 can_controller.o
 .debug_macro   0x0000108f       0x93 can_controller.o
 .debug_macro   0x00001122      0xe18 can_controller.o
 .debug_macro   0x00001f3a      0xa7d can_controller.o
 .debug_macro   0x000029b7      0x55a can_controller.o
 .debug_macro   0x00002f11      0x1a8 can_controller.o
 .debug_macro   0x000030b9      0x30b can_controller.o
 .debug_macro   0x000033c4      0x709 can_controller.o
 .debug_macro   0x00003acd       0xd6 can_controller.o
 .debug_macro   0x00003ba3      0x56c can_controller.o
 .debug_macro   0x0000410f       0x1c can_controller.o
 .debug_macro   0x0000412b      0x678 can_controller.o
 .debug_macro   0x000047a3      0x51e can_controller.o
 .debug_macro   0x00004cc1       0xbe can_controller.o
 .debug_macro   0x00004d7f     0x2333 can_controller.o
 .debug_macro   0x000070b2      0x7d1 can_controller.o
 .debug_macro   0x00007883      0xdbb can_controller.o
 .debug_macro   0x0000863e       0x9a can_controller.o
 .debug_macro   0x000086d8      0x29c can_controller.o
 .debug_macro   0x00008974       0x58 can_controller.o
 .debug_macro   0x000089cc      0x999 can_controller.o
 .debug_macro   0x00009365      0x22d can_controller.o
 .debug_macro   0x00009592      0x4b4 can_controller.o
 .debug_macro   0x00009a46      0x64a can_controller.o
 .debug_macro   0x0000a090      0x590 can_controller.o
 .debug_macro   0x0000a620       0x46 can_controller.o
 .debug_macro   0x0000a666      0x33f can_controller.o
 .debug_macro   0x0000a9a5      0x27e can_controller.o
 .debug_macro   0x0000ac23     0x14dc can_controller.o
 .debug_macro   0x0000c0ff      0x7cf can_controller.o
 .debug_macro   0x0000c8ce       0x76 can_controller.o
 .debug_macro   0x0000c944       0x82 can_controller.o
 .debug_macro   0x0000c9c6       0x76 can_controller.o
 .debug_macro   0x0000ca3c       0x4c can_controller.o
 .debug_macro   0x0000ca88      0x100 can_controller.o
 .debug_macro   0x0000cb88      0x100 can_controller.o
 .debug_macro   0x0000cc88      0x100 can_controller.o
 .debug_macro   0x0000cd88       0x88 can_controller.o
 .debug_macro   0x0000ce10       0x88 can_controller.o
 .debug_macro   0x0000ce98      0x3b4 can_controller.o
 .debug_macro   0x0000d24c       0xbe can_controller.o
 .debug_macro   0x0000d30a       0xbe can_controller.o
 .debug_macro   0x0000d3c8       0xbe can_controller.o
 .debug_macro   0x0000d486       0xbe can_controller.o
 .debug_macro   0x0000d544      0x2b8 can_controller.o
 .debug_macro   0x0000d7fc      0x118 can_controller.o
 .debug_macro   0x0000d914      0x216 can_controller.o
 .debug_macro   0x0000db2a      0x216 can_controller.o
 .debug_macro   0x0000dd40       0x2e can_controller.o
 .debug_macro   0x0000dd6e       0xac can_controller.o
 .debug_macro   0x0000de1a      0x13e can_controller.o
 .debug_macro   0x0000df58       0x7c can_controller.o
 .debug_macro   0x0000dfd4      0x1f6 can_controller.o
 .debug_macro   0x0000e1ca       0x64 can_controller.o
 .debug_macro   0x0000e22e       0xa6 can_controller.o
 .debug_macro   0x0000e2d4       0x7c can_controller.o
 .debug_macro   0x0000e350       0x16 can_controller.o
 .debug_macro   0x0000e366       0x22 can_controller.o
 .debug_macro   0x0000e388       0x22 can_controller.o
 .debug_macro   0x0000e3aa      0x10c can_controller.o
 .debug_macro   0x0000e4b6      0x10c can_controller.o
 .debug_macro   0x0000e5c2      0x10c can_controller.o
 .debug_macro   0x0000e6ce      0x10c can_controller.o
 .debug_macro   0x0000e7da       0x1c can_controller.o
 .debug_macro   0x0000e7f6       0x2e can_controller.o
 .debug_macro   0x0000e824       0x22 can_controller.o
 .debug_macro   0x0000e846       0x1c can_controller.o
 .debug_macro   0x0000e862       0x58 can_controller.o
 .debug_macro   0x0000e8ba       0x10 can_controller.o
 .debug_macro   0x0000e8ca      0x27a can_controller.o
 .debug_macro   0x0000eb44      0xd34 can_controller.o
 .debug_macro   0x0000f878      0x170 can_controller.o
 .debug_macro   0x0000f9e8      0x4c1 can_interrupt.o
 .debug_macro   0x0000fea9       0x52 can_interrupt.o
 .debug_macro   0x0000fefb       0x8d can_interrupt.o
 .debug_macro   0x0000ff88       0x35 can_interrupt.o
 .debug_macro   0x0000ffbd       0x9c can_interrupt.o
 .debug_macro   0x00010059       0x16 can_interrupt.o
 .debug_macro   0x0001006f       0x57 can_interrupt.o
 .debug_macro   0x000100c6       0x97 can_interrupt.o
 .debug_macro   0x0001015d      0x353 can_interrupt.o
 .debug_macro   0x000104b0       0xf6 can_interrupt.o
 .debug_macro   0x000105a6       0x10 can_interrupt.o
 .debug_macro   0x000105b6       0x58 can_interrupt.o
 .debug_macro   0x0001060e       0x1f can_interrupt.o
 .debug_macro   0x0001062d       0x43 can_interrupt.o
 .debug_macro   0x00010670       0x20 can_interrupt.o
 .debug_macro   0x00010690      0x187 can_interrupt.o
 .debug_macro   0x00010817       0x10 can_interrupt.o
 .debug_macro   0x00010827       0x1c can_interrupt.o
 .debug_macro   0x00010843       0x52 can_interrupt.o
 .debug_macro   0x00010895       0x40 can_interrupt.o
 .debug_macro   0x000108d5       0x10 can_interrupt.o
 .debug_macro   0x000108e5       0x40 can_interrupt.o
 .debug_macro   0x00010925       0xd7 can_interrupt.o
 .debug_macro   0x000109fc       0x16 can_interrupt.o
 .debug_macro   0x00010a12      0x18b can_interrupt.o
 .debug_macro   0x00010b9d       0x20 can_interrupt.o
 .debug_macro   0x00010bbd      0x351 Device_Startup/startup_sam3xa.o
 .debug_macro   0x00010f0e      0x363 Device_Startup/system_sam3xa.o
 .debug_macro   0x00011271       0x84 joystick.o
 .debug_macro   0x000112f5       0x10 joystick.o
 .debug_macro   0x00011305      0x378 main.o
 .debug_macro   0x0001167d       0x8e printf-stdarg.o
 .debug_macro   0x0001170b       0x58 printf-stdarg.o
 .debug_macro   0x00011763      0x351 timer_driver.o
 .debug_macro   0x00011ab4      0x354 uart.o

.debug_line     0x00000000     0x3a6a
 .debug_line    0x00000000      0x7ae can_controller.o
 .debug_line    0x000007ae      0x884 can_interrupt.o
 .debug_line    0x00001032      0x6fe Device_Startup/startup_sam3xa.o
 .debug_line    0x00001730      0x774 Device_Startup/system_sam3xa.o
 .debug_line    0x00001ea4      0x293 joystick.o
 .debug_line    0x00002137      0x74c main.o
 .debug_line    0x00002883      0x3bd printf-stdarg.o
 .debug_line    0x00002c40      0x6e5 timer_driver.o
 .debug_line    0x00003325      0x745 uart.o

.debug_str      0x00000000    0x5438d
 .debug_str     0x00000000    0x4f694 can_controller.o
                              0x4f869 (size before relaxing)
 .debug_str     0x0004f694     0x4150 can_interrupt.o
                              0x536c7 (size before relaxing)
 .debug_str     0x000537e4      0x557 Device_Startup/startup_sam3xa.o
                              0x4f62b (size before relaxing)
 .debug_str     0x00053d3b      0x195 Device_Startup/system_sam3xa.o
                              0x4f3be (size before relaxing)
 .debug_str     0x00053ed0       0x67 joystick.o
                               0x350b (size before relaxing)
 .debug_str     0x00053f37      0x120 main.o
                              0x4f5f6 (size before relaxing)
 .debug_str     0x00054057      0x17a printf-stdarg.o
                               0x364c (size before relaxing)
 .debug_str     0x000541d1       0xb9 timer_driver.o
                              0x4f4ca (size before relaxing)
 .debug_str     0x0005428a      0x103 uart.o
                              0x4f808 (size before relaxing)

.debug_frame    0x00000000      0x61c
 .debug_frame   0x00000000       0x78 can_controller.o
 .debug_frame   0x00000078       0x38 can_interrupt.o
 .debug_frame   0x000000b0       0x38 Device_Startup/startup_sam3xa.o
 .debug_frame   0x000000e8       0x40 Device_Startup/system_sam3xa.o
 .debug_frame   0x00000128       0x40 joystick.o
 .debug_frame   0x00000168       0x34 main.o
 .debug_frame   0x0000019c      0x118 printf-stdarg.o
 .debug_frame   0x000002b4       0x30 timer_driver.o
 .debug_frame   0x000002e4       0x58 uart.o
 .debug_frame   0x0000033c       0xac c:/program files (x86)/atmel/studio/7.0/toolchain/arm/arm-gnu-toolchain/bin/../lib/gcc/arm-none-eabi/6.3.1/thumb/v7-m\libgcc.a(_arm_addsubdf3.o)
 .debug_frame   0x000003e8       0x50 c:/program files (x86)/atmel/studio/7.0/toolchain/arm/arm-gnu-toolchain/bin/../lib/gcc/arm-none-eabi/6.3.1/thumb/v7-m\libgcc.a(_arm_muldivdf3.o)
 .debug_frame   0x00000438       0x24 c:/program files (x86)/atmel/studio/7.0/toolchain/arm/arm-gnu-toolchain/bin/../lib/gcc/arm-none-eabi/6.3.1/thumb/v7-m\libgcc.a(_arm_fixunsdfsi.o)
 .debug_frame   0x0000045c       0x2c c:/program files (x86)/atmel/studio/7.0/toolchain/arm/arm-gnu-toolchain/bin/../lib/gcc/arm-none-eabi/6.3.1/../../../../arm-none-eabi/lib/thumb/v7-m\libc.a(lib_a-init.o)
 .debug_frame   0x00000488       0x5c c:/program files (x86)/atmel/studio/7.0/toolchain/arm/arm-gnu-toolchain/bin/../lib/gcc/arm-none-eabi/6.3.1/../../../../arm-none-eabi/lib/thumb/v7-m\libc.a(lib_a-__call_atexit.o)
 .debug_frame   0x000004e4       0x20 c:/program files (x86)/atmel/studio/7.0/toolchain/arm/arm-gnu-toolchain/bin/../lib/gcc/arm-none-eabi/6.3.1/../../../../arm-none-eabi/lib/thumb/v7-m\libc.a(lib_a-atexit.o)
 .debug_frame   0x00000504       0x34 c:/program files (x86)/atmel/studio/7.0/toolchain/arm/arm-gnu-toolchain/bin/../lib/gcc/arm-none-eabi/6.3.1/../../../../arm-none-eabi/lib/thumb/v7-m\libc.a(lib_a-fini.o)
 .debug_frame   0x00000538       0xb0 c:/program files (x86)/atmel/studio/7.0/toolchain/arm/arm-gnu-toolchain/bin/../lib/gcc/arm-none-eabi/6.3.1/../../../../arm-none-eabi/lib/thumb/v7-m\libc.a(lib_a-lock.o)
 .debug_frame   0x000005e8       0x34 c:/program files (x86)/atmel/studio/7.0/toolchain/arm/arm-gnu-toolchain/bin/../lib/gcc/arm-none-eabi/6.3.1/../../../../arm-none-eabi/lib/thumb/v7-m\libc.a(lib_a-__atexit.o)
